// Jest Snapshot v1, https://goo.gl/fbAQLP

exports[`Settings Page snapshot 1`] = `
.c5 {
  background-color: black;
  color: white;
  margin-left: 1em;
}

.c4 {
  background-color: black;
  color: white;
  margin-left: 1em;
}

.c1 {
  display: -webkit-box;
  display: -webkit-flex;
  display: -ms-flexbox;
  display: flex;
  -webkit-flex-direction: row;
  -ms-flex-direction: row;
  flex-direction: row;
  -webkit-box-pack: justify;
  -webkit-justify-content: space-between;
  -ms-flex-pack: justify;
  justify-content: space-between;
}

.c0 {
  display: -webkit-box;
  display: -webkit-flex;
  display: -ms-flexbox;
  display: flex;
  -webkit-flex-direction: column;
  -ms-flex-direction: column;
  flex-direction: column;
  height: 100vh;
  width: 100%;
}

.c2 {
  width: 100%;
  height: 100%;
  padding: 2em;
}

.c3 {
  -webkit-align-content: center;
  -ms-flex-line-pack: center;
  align-content: center;
  text-align: center;
  margin-top: 5em;
}

<div>
  <div
    class="c0"
  >
    <div
      class="c1"
    >
      <h1>
        Address Book
      </h1>
      <a
        data-testid="link"
        href="/GB/settings"
      >
        <h1>
          Settings
        </h1>
      </a>
    </div>
    <main
      class="c2"
    >
      <h2
        class="c3"
      >
        Select nationality:
        <select
          class="c4"
          data-testid="nationality-select"
          id="nationality-select"
          name="Nationality"
        >
          <option
            data-testid="nationality-option"
            value="All"
          >
            All
          </option>
          <option
            data-testid="nationality-option"
            value="CH"
          >
            Swiss
          </option>
          <option
            data-testid="nationality-option"
            value="ES"
          >
            Spanish
          </option>
          <option
            data-testid="nationality-option"
            value="FR"
          >
            French
          </option>
          <option
            data-testid="nationality-option"
            value="GB"
          >
            United Kingdom
          </option>
        </select>
        <button
          class="c5"
          data-testid="apply-button"
          type="button"
        >
          Apply
        </button>
      </h2>
      <h2
        class="c3"
      >
        <a
          data-testid="link"
          href="/GB/"
        >
          Back to main page
        </a>
      </h2>
    </main>
  </div>
</div>
`;
